// :copyright: Copyright (c) 2023 ftrack

// Generated on 2023-01-31T23:00:00.000Z using schema
// from an instance running version 4.13.8 using server on https://ftrack.example.com
// Not intended to modify manually

export interface TypedContext<
  K extends TypedContextSubtype = TypedContextSubtype
> {
  __entity_type__?: K;
  __permissions?: Record<string, any>;
}
export interface BasicLink {
  id: string;
  type: string;
  name: string;
}
export interface EntityTypeMap {
  TypedContext: TypedContext;
}
export type EntityType = keyof EntityTypeMap;
export type EntityData<TEntityType extends EntityType = EntityType> =
  EntityTypeMap[TEntityType];
export interface TypedContextSubtypeMap {
  TypedContext: TypedContext;
}
export type TypedContextSubtype = keyof TypedContextSubtypeMap;
export function getAttributeConfigurations() {
  return [] as const;
}

export type CustomAttributeConfiguration = ReturnType<
  typeof getAttributeConfigurations
>[number];
export type CustomAttributeConfigurationName =
  CustomAttributeConfiguration["name"];
export type CustomAttributeConfigurationLabel =
  CustomAttributeConfiguration["label"];

export function getTypes() {
  return [
    {
      name: "Concept Art",
      is_billable: true,
    },
    {
      name: "Modeling",
      is_billable: true,
    },
    {
      name: "Rigging",
      is_billable: true,
    },
    {
      name: "Texture",
      is_billable: true,
    },
    {
      name: "Lookdev",
      is_billable: true,
    },
    {
      name: "Character",
      is_billable: true,
    },
    {
      name: "Prop",
      is_billable: true,
    },
    {
      name: "Furniture",
      is_billable: false,
    },
    {
      name: "Vehicle",
      is_billable: true,
    },
    {
      name: "Environment",
      is_billable: true,
    },
    {
      name: "Matte Painting",
      is_billable: true,
    },
    {
      name: "Production",
      is_billable: false,
    },
    {
      name: "Editing",
      is_billable: true,
    },
    {
      name: "Conform",
      is_billable: true,
    },
    {
      name: "Tracking",
      is_billable: true,
    },
    {
      name: "Rotoscoping",
      is_billable: true,
    },
    {
      name: "Previz",
      is_billable: true,
    },
    {
      name: "Layout",
      is_billable: true,
    },
    {
      name: "Animation",
      is_billable: true,
    },
    {
      name: "FX",
      is_billable: true,
    },
    {
      name: "Lighting",
      is_billable: true,
    },
    {
      name: "Rendering",
      is_billable: true,
    },
    {
      name: "Compositing",
      is_billable: true,
    },
    {
      name: "Deliverable",
      is_billable: true,
    },
  ] as const;
}

export type Type = ReturnType<typeof getTypes>[number];
export type TypeName = Type["name"];

export function getObjectTypes() {
  return [] as const;
}

export type ObjectType = ReturnType<typeof getObjectTypes>[number];
export type ObjectTypeName = ObjectType["name"];

// Errors:
